Archive member included to satisfy reference by file (symbol)

C:/STM32CubeIDE_1.19.0/STM32CubeIDE/plugins/com.st.stm32cube.ide.mcu.externaltools.gnu-tools-for-stm32.13.3.rel1.win32_1.0.0.202411081344/tools/bin/../lib/gcc/arm-none-eabi/13.3.1/../../../../arm-none-eabi/lib/thumb/v7e-m/nofp\libc_nano.a(libc_a-exit.o)
                              C:/STM32CubeIDE_1.19.0/STM32CubeIDE/plugins/com.st.stm32cube.ide.mcu.externaltools.gnu-tools-for-stm32.13.3.rel1.win32_1.0.0.202411081344/tools/bin/../lib/gcc/arm-none-eabi/13.3.1/../../../../arm-none-eabi/lib/thumb/v7e-m/nofp/crt0.o (exit)
C:/STM32CubeIDE_1.19.0/STM32CubeIDE/plugins/com.st.stm32cube.ide.mcu.externaltools.gnu-tools-for-stm32.13.3.rel1.win32_1.0.0.202411081344/tools/bin/../lib/gcc/arm-none-eabi/13.3.1/../../../../arm-none-eabi/lib/thumb/v7e-m/nofp\libc_nano.a(libc_a-findfp.o)
                              C:/STM32CubeIDE_1.19.0/STM32CubeIDE/plugins/com.st.stm32cube.ide.mcu.externaltools.gnu-tools-for-stm32.13.3.rel1.win32_1.0.0.202411081344/tools/bin/../lib/gcc/arm-none-eabi/13.3.1/../../../../arm-none-eabi/lib/thumb/v7e-m/nofp\libc_nano.a(libc_a-exit.o) (__stdio_exit_handler)
C:/STM32CubeIDE_1.19.0/STM32CubeIDE/plugins/com.st.stm32cube.ide.mcu.externaltools.gnu-tools-for-stm32.13.3.rel1.win32_1.0.0.202411081344/tools/bin/../lib/gcc/arm-none-eabi/13.3.1/../../../../arm-none-eabi/lib/thumb/v7e-m/nofp\libc_nano.a(libc_a-fwalk.o)
                              C:/STM32CubeIDE_1.19.0/STM32CubeIDE/plugins/com.st.stm32cube.ide.mcu.externaltools.gnu-tools-for-stm32.13.3.rel1.win32_1.0.0.202411081344/tools/bin/../lib/gcc/arm-none-eabi/13.3.1/../../../../arm-none-eabi/lib/thumb/v7e-m/nofp\libc_nano.a(libc_a-findfp.o) (_fwalk_sglue)
C:/STM32CubeIDE_1.19.0/STM32CubeIDE/plugins/com.st.stm32cube.ide.mcu.externaltools.gnu-tools-for-stm32.13.3.rel1.win32_1.0.0.202411081344/tools/bin/../lib/gcc/arm-none-eabi/13.3.1/../../../../arm-none-eabi/lib/thumb/v7e-m/nofp\libc_nano.a(libc_a-stdio.o)
                              C:/STM32CubeIDE_1.19.0/STM32CubeIDE/plugins/com.st.stm32cube.ide.mcu.externaltools.gnu-tools-for-stm32.13.3.rel1.win32_1.0.0.202411081344/tools/bin/../lib/gcc/arm-none-eabi/13.3.1/../../../../arm-none-eabi/lib/thumb/v7e-m/nofp\libc_nano.a(libc_a-findfp.o) (__sread)
C:/STM32CubeIDE_1.19.0/STM32CubeIDE/plugins/com.st.stm32cube.ide.mcu.externaltools.gnu-tools-for-stm32.13.3.rel1.win32_1.0.0.202411081344/tools/bin/../lib/gcc/arm-none-eabi/13.3.1/../../../../arm-none-eabi/lib/thumb/v7e-m/nofp\libc_nano.a(libc_a-memset.o)
                              C:/STM32CubeIDE_1.19.0/STM32CubeIDE/plugins/com.st.stm32cube.ide.mcu.externaltools.gnu-tools-for-stm32.13.3.rel1.win32_1.0.0.202411081344/tools/bin/../lib/gcc/arm-none-eabi/13.3.1/../../../../arm-none-eabi/lib/thumb/v7e-m/nofp/crt0.o (memset)
C:/STM32CubeIDE_1.19.0/STM32CubeIDE/plugins/com.st.stm32cube.ide.mcu.externaltools.gnu-tools-for-stm32.13.3.rel1.win32_1.0.0.202411081344/tools/bin/../lib/gcc/arm-none-eabi/13.3.1/../../../../arm-none-eabi/lib/thumb/v7e-m/nofp\libc_nano.a(libc_a-closer.o)
                              C:/STM32CubeIDE_1.19.0/STM32CubeIDE/plugins/com.st.stm32cube.ide.mcu.externaltools.gnu-tools-for-stm32.13.3.rel1.win32_1.0.0.202411081344/tools/bin/../lib/gcc/arm-none-eabi/13.3.1/../../../../arm-none-eabi/lib/thumb/v7e-m/nofp\libc_nano.a(libc_a-stdio.o) (_close_r)
C:/STM32CubeIDE_1.19.0/STM32CubeIDE/plugins/com.st.stm32cube.ide.mcu.externaltools.gnu-tools-for-stm32.13.3.rel1.win32_1.0.0.202411081344/tools/bin/../lib/gcc/arm-none-eabi/13.3.1/../../../../arm-none-eabi/lib/thumb/v7e-m/nofp\libc_nano.a(libc_a-reent.o)
                              C:/STM32CubeIDE_1.19.0/STM32CubeIDE/plugins/com.st.stm32cube.ide.mcu.externaltools.gnu-tools-for-stm32.13.3.rel1.win32_1.0.0.202411081344/tools/bin/../lib/gcc/arm-none-eabi/13.3.1/../../../../arm-none-eabi/lib/thumb/v7e-m/nofp\libc_nano.a(libc_a-closer.o) (errno)
C:/STM32CubeIDE_1.19.0/STM32CubeIDE/plugins/com.st.stm32cube.ide.mcu.externaltools.gnu-tools-for-stm32.13.3.rel1.win32_1.0.0.202411081344/tools/bin/../lib/gcc/arm-none-eabi/13.3.1/../../../../arm-none-eabi/lib/thumb/v7e-m/nofp\libc_nano.a(libc_a-impure.o)
                              C:/STM32CubeIDE_1.19.0/STM32CubeIDE/plugins/com.st.stm32cube.ide.mcu.externaltools.gnu-tools-for-stm32.13.3.rel1.win32_1.0.0.202411081344/tools/bin/../lib/gcc/arm-none-eabi/13.3.1/../../../../arm-none-eabi/lib/thumb/v7e-m/nofp\libc_nano.a(libc_a-reent.o) (_impure_ptr)
C:/STM32CubeIDE_1.19.0/STM32CubeIDE/plugins/com.st.stm32cube.ide.mcu.externaltools.gnu-tools-for-stm32.13.3.rel1.win32_1.0.0.202411081344/tools/bin/../lib/gcc/arm-none-eabi/13.3.1/../../../../arm-none-eabi/lib/thumb/v7e-m/nofp\libc_nano.a(libc_a-lseekr.o)
[...]
Memory Configuration

Name             Origin             Length             Attributes
CCMRAM           0x10000000         0x00010000         xrw
RAM              0x20000000         0x00020000         xrw
FLASH            0x08000000         0x00100000         xr
*default*        0x00000000         0xffffffff

Linker script and memory map

LOAD C:/STM32CubeIDE_1.19.0/STM32CubeIDE/plugins/com.st.stm32cube.ide.mcu.externaltools.gnu-tools-for-stm32.13.3.rel1.win32_1.0.0.202411081344/tools/bin/../lib/gcc/arm-none-eabi/13.3.1/thumb/v7e-m/nofp/crti.o
LOAD C:/STM32CubeIDE_1.19.0/STM32CubeIDE/plugins/com.st.stm32cube.ide.mcu.externaltools.gnu-tools-for-stm32.13.3.rel1.win32_1.0.0.202411081344/tools/bin/../lib/gcc/arm-none-eabi/13.3.1/thumb/v7e-m/nofp/crtbegin.o
LOAD C:/STM32CubeIDE_1.19.0/STM32CubeIDE/plugins/com.st.stm32cube.ide.mcu.externaltools.gnu-tools-for-stm32.13.3.rel1.win32_1.0.0.202411081344/tools/bin/../lib/gcc/arm-none-eabi/13.3.1/../../../../arm-none-eabi/lib/thumb/v7e-m/nofp/crt0.o
LOAD ./Drivers/Src/stm32f407xx_gpio_driver.o
LOAD ./Drivers/Src/stm32f407xx_i2c_driver.o
LOAD ./Drivers/Src/stm32f407xx_rcc_driver.o
LOAD ./Drivers/Src/stm32f407xx_spi_driver.o
LOAD ./Drivers/Src/stm32f407xx_usart_driver.o
LOAD ./Src/007_I2C_Master_Tx.o
LOAD ./Src/syscalls.o
LOAD ./Src/sysmem.o
LOAD ./Startup/startup_stm32f407vgtx.o
START GROUP
LOAD C:/STM32CubeIDE_1.19.0/STM32CubeIDE/plugins/com.st.stm32cube.ide.mcu.externaltools.gnu-tools-for-stm32.13.3.rel1.win32_1.0.0.202411081344/tools/bin/../lib/gcc/arm-none-eabi/13.3.1/../../../../arm-none-eabi/lib/thumb/v7e-m/nofp\libc_nano.a
LOAD C:/STM32CubeIDE_1.19.0/STM32CubeIDE/plugins/com.st.stm32cube.ide.mcu.externaltools.gnu-tools-for-stm32.13.3.rel1.win32_1.0.0.202411081344/tools/bin/../lib/gcc/arm-none-eabi/13.3.1/../../../../arm-none-eabi/lib/thumb/v7e-m/nofp\libm.a
END GROUP
START GROUP
LOAD C:/STM32CubeIDE_1.19.0/STM32CubeIDE/plugins/com.st.stm32cube.ide.mcu.externaltools.gnu-tools-for-stm32.13.3.rel1.win32_1.0.0.202411081344/tools/bin/../lib/gcc/arm-none-eabi/13.3.1/thumb/v7e-m/nofp\libgcc.a
LOAD C:/STM32CubeIDE_1.19.0/STM32CubeIDE/plugins/com.st.stm32cube.ide.mcu.externaltools.gnu-tools-for-stm32.13.3.rel1.win32_1.0.0.202411081344/tools/bin/../lib/gcc/arm-none-eabi/13.3.1/../../../../arm-none-eabi/lib/thumb/v7e-m/nofp\libc_nano.a
END GROUP
START GROUP
LOAD C:/STM32CubeIDE_1.19.0/STM32CubeIDE/plugins/com.st.stm32cube.ide.mcu.externaltools.gnu-tools-for-stm32.13.3.rel1.win32_1.0.0.202411081344/tools/bin/../lib/gcc/arm-none-eabi/13.3.1/thumb/v7e-m/nofp\libgcc.a
LOAD C:/STM32CubeIDE_1.19.0/STM32CubeIDE/plugins/com.st.stm32cube.ide.mcu.externaltools.gnu-tools-for-stm32.13.3.rel1.win32_1.0.0.202411081344/tools/bin/../lib/gcc/arm-none-eabi/13.3.1/../../../../arm-none-eabi/lib/thumb/v7e-m/nofp\libc_nano.a
LOAD C:/STM32CubeIDE_1.19.0/STM32CubeIDE/plugins/com.st.stm32cube.ide.mcu.externaltools.gnu-tools-for-stm32.13.3.rel1.win32_1.0.0.202411081344/tools/bin/../lib/gcc/arm-none-eabi/13.3.1/../../../../arm-none-eabi/lib/thumb/v7e-m/nofp\libnosys.a
END GROUP
START GROUP
LOAD C:/STM32CubeIDE_1.19.0/STM32CubeIDE/plugins/com.st.stm32cube.ide.mcu.externaltools.gnu-tools-for-stm32.13.3.rel1.win32_1.0.0.202411081344/tools/bin/../lib/gcc/arm-none-eabi/13.3.1/thumb/v7e-m/nofp\libgcc.a
LOAD C:/STM32CubeIDE_1.19.0/STM32CubeIDE/plugins/com.st.stm32cube.ide.mcu.externaltools.gnu-tools-for-stm32.13.3.rel1.win32_1.0.0.202411081344/tools/bin/../lib/gcc/arm-none-eabi/13.3.1/../../../../arm-none-eabi/lib/thumb/v7e-m/nofp\libc_nano.a
LOAD C:/STM32CubeIDE_1.19.0/STM32CubeIDE/plugins/com.st.stm32cube.ide.mcu.externaltools.gnu-tools-for-stm32.13.3.rel1.win32_1.0.0.202411081344/tools/bin/../lib/gcc/arm-none-eabi/13.3.1/../../../../arm-none-eabi/lib/thumb/v7e-m/nofp\libnosys.a
END GROUP
LOAD C:/STM32CubeIDE_1.19.0/STM32CubeIDE/plugins/com.st.stm32cube.ide.mcu.externaltools.gnu-tools-for-stm32.13.3.rel1.win32_1.0.0.202411081344/tools/bin/../lib/gcc/arm-none-eabi/13.3.1/thumb/v7e-m/nofp/crtend.o
LOAD C:/STM32CubeIDE_1.19.0/STM32CubeIDE/plugins/com.st.stm32cube.ide.mcu.externaltools.gnu-tools-for-stm32.13.3.rel1.win32_1.0.0.202411081344/tools/bin/../lib/gcc/arm-none-eabi/13.3.1/thumb/v7e-m/nofp/crtn.o
                0x20020000                        _estack = (ORIGIN (RAM) + LENGTH (RAM))
                0x00000200                        _Min_Heap_Size = 0x200
                0x00000400                        _Min_Stack_Size = 0x400

.isr_vector     0x08000000      0x188
                0x08000000                        . = ALIGN (0x4)
 *(.isr_vector)
 .isr_vector    0x08000000      0x188 ./Startup/startup_stm32f407vgtx.o
                0x08000000                g_pfnVectors
                0x08000188                        . = ALIGN (0x4)

.text           0x08000188      0xc90
                0x08000188                        . = ALIGN (0x4)
 *(.text)
 .text          0x08000188       0x40 C:/STM32CubeIDE_1.19.0/STM32CubeIDE/plugins/com.st.stm32cube.ide.mcu.externaltools.gnu-tools-for-stm32.13.3.rel1.win32_1.0.0.202411081344/tools/bin/../lib/gcc/arm-none-eabi/13.3.1/thumb/v7e-m/nofp/crtbegin.o
 .text          0x080001c8       0x10 C:/STM32CubeIDE_1.19.0/STM32CubeIDE/plugins/com.st.stm32cube.ide.mcu.externaltools.gnu-tools-for-stm32.13.3.rel1.win32_1.0.0.202411081344/tools/bin/../lib/gcc/arm-none-eabi/13.3.1/../../../../arm-none-eabi/lib/thumb/v7e-m/nofp\libc_nano.a(libc_a-strlen.o)
                0x080001c8                strlen
 *(.text*)
 .text.GPIO_PeriClockControl
                0x080001d8      0x1d4 ./Drivers/Src/stm32f407xx_gpio_driver.o
                0x080001d8                GPIO_PeriClockControl
 .text.GPIO_Init
                0x080003ac      0x33c ./Drivers/Src/stm32f407xx_gpio_driver.o
                0x080003ac                GPIO_Init
 .text.GPIO_ReadFromInputPin
                0x080006e8       0x2a ./Drivers/Src/stm32f407xx_gpio_driver.o
                0x080006e8                GPIO_ReadFromInputPin
 .text.I2C_GeneraterStartCond
                0x08000712       0x1e ./Drivers/Src/stm32f407xx_i2c_driver.o
 .text.I2C_GeneraterStopCond
                0x08000730       0x1e ./Drivers/Src/stm32f407xx_i2c_driver.o
                0x08000730                I2C_GeneraterStopCond
 .text.I2C_ExecuteAddrPhaseWrite
                0x0800074e       0x2a ./Drivers/Src/stm32f407xx_i2c_driver.o
 .text.I2C_ClearADDRFlag
                0x08000778       0x6e ./Drivers/Src/stm32f407xx_i2c_driver.o
 .text.I2C_GetFlagStatus
                0x080007e6       0x26 ./Drivers/Src/stm32f407xx_i2c_driver.o
                0x080007e6                I2C_GetFlagStatus
 .text.I2C_PeripheralControl
                0x0800080c       0x36 ./Drivers/Src/stm32f407xx_i2c_driver.o
                0x0800080c                I2C_PeripheralControl
 *fill*         0x08000842        0x2 
 .text.I2C_PeriClockControl
                0x08000844       0xb4 ./Drivers/Src/stm32f407xx_i2c_driver.o
                0x08000844                I2C_PeriClockControl
 .text.I2C_Init
                0x080008f8      0x17c ./Drivers/Src/stm32f407xx_i2c_driver.o
                0x080008f8                I2C_Init
 .text.I2C_MasterSendData
                0x08000a74       0xc6 ./Drivers/Src/stm32f407xx_i2c_driver.o
                0x08000a74                I2C_MasterSendData
 .text.I2C_ControlAcking
                0x08000b3a       0x3c ./Drivers/Src/stm32f407xx_i2c_driver.o
                0x08000b3a                I2C_ControlAcking
 *fill*         0x08000b76        0x2 
 .text.RCC_GetPCLK1Value
                0x08000b78       0xb0 ./Drivers/Src/stm32f407xx_rcc_driver.o
                0x08000b78                RCC_GetPCLK1Value
 .text.RCC_GetPLLOutputClock
                0x08000c28        0xe ./Drivers/Src/stm32f407xx_rcc_driver.o
                0x08000c28                RCC_GetPLLOutputClock
 *fill*         0x08000c36        0x2 
 .text.delay    0x08000c38       0x2c ./Src/007_I2C_Master_Tx.o
                0x08000c38                delay
 .text.I2C1_GPIOInits
                0x08000c64       0x44 ./Src/007_I2C_Master_Tx.o
                0x08000c64                I2C1_GPIOInits
 .text.I2C1_Inits
                0x08000ca8       0x34 ./Src/007_I2C_Master_Tx.o
                0x08000ca8                I2C1_Inits
 .text.GPIO_ButtonInit
                0x08000cdc       0x30 ./Src/007_I2C_Master_Tx.o
                0x08000cdc                GPIO_ButtonInit
 .text.main     0x08000d0c       0x58 ./Src/007_I2C_Master_Tx.o
                0x08000d0c                main
 .text.Reset_Handler
                0x08000d64       0x50 ./Startup/startup_stm32f407vgtx.o
                0x08000d64                Reset_Handler
 .text.Default_Handler
                0x08000db4        0x2 ./Startup/startup_stm32f407vgtx.o
                0x08000db4                RTC_Alarm_IRQHandler
                0x08000db4                HASH_RNG_IRQHandler
                0x08000db4                EXTI2_IRQHandler
                0x08000db4                TIM8_CC_IRQHandler
                0x08000db4                DebugMon_Handler
                0x08000db4                TIM1_CC_IRQHandler
                0x08000db4                DMA2_Stream5_IRQHandler
                0x08000db4                HardFault_Handler
                0x08000db4                DMA1_Stream5_IRQHandler
                0x08000db4                SysTick_Handler
                0x08000db4                PVD_IRQHandler
                0x08000db4                SDIO_IRQHandler
                0x08000db4                TAMP_STAMP_IRQHandler
                0x08000db4                PendSV_Handler
                0x08000db4                NMI_Handler
                0x08000db4                CAN2_RX1_IRQHandler
                0x08000db4                EXTI3_IRQHandler
                0x08000db4                TIM8_TRG_COM_TIM14_IRQHandler
                0x08000db4                TIM1_UP_TIM10_IRQHandler
                0x08000db4                TIM8_UP_TIM13_IRQHandler
                0x08000db4                I2C3_ER_IRQHandler
                0x08000db4                EXTI0_IRQHandler
                0x08000db4                I2C2_EV_IRQHandler
                0x08000db4                DMA1_Stream2_IRQHandler
                0x08000db4                CAN1_RX0_IRQHandler
                0x08000db4                FPU_IRQHandler
                0x08000db4                OTG_HS_WKUP_IRQHandler
                0x08000db4                UsageFault_Handler
                0x08000db4                CAN2_SCE_IRQHandler
                0x08000db4                DMA2_Stream2_IRQHandler
                0x08000db4                SPI1_IRQHandler
                0x08000db4                TIM6_DAC_IRQHandler
                0x08000db4                TIM1_BRK_TIM9_IRQHandler
                0x08000db4                DCMI_IRQHandler
                0x08000db4                CAN2_RX0_IRQHandler
                0x08000db4                DMA2_Stream3_IRQHandler
                0x08000db4                USART6_IRQHandler
                0x08000db4                USART3_IRQHandler
                0x08000db4                CRYP_IRQHandler
                0x08000db4                CAN1_RX1_IRQHandler
                0x08000db4                UART5_IRQHandler
                0x08000db4                DMA2_Stream0_IRQHandler
                0x08000db4                TIM4_IRQHandler
                0x08000db4                I2C1_EV_IRQHandler
                0x08000db4                DMA1_Stream6_IRQHandler
                0x08000db4                DMA1_Stream1_IRQHandler
                0x08000db4                UART4_IRQHandler
                0x08000db4                TIM3_IRQHandler
                0x08000db4                RCC_IRQHandler
                0x08000db4                TIM8_BRK_TIM12_IRQHandler
                0x08000db4                Default_Handler
                0x08000db4                EXTI15_10_IRQHandler
                0x08000db4                ADC_IRQHandler
                0x08000db4                DMA1_Stream7_IRQHandler
                0x08000db4                TIM7_IRQHandler
                0x08000db4                CAN2_TX_IRQHandler
                0x08000db4                TIM5_IRQHandler
                0x08000db4                DMA2_Stream7_IRQHandler
                0x08000db4                I2C3_EV_IRQHandler
                0x08000db4                EXTI9_5_IRQHandler
                0x08000db4                RTC_WKUP_IRQHandler
                0x08000db4                ETH_WKUP_IRQHandler
                0x08000db4                SPI2_IRQHandler
                0x08000db4                OTG_HS_EP1_IN_IRQHandler
                0x08000db4                MemManage_Handler
                0x08000db4                DMA1_Stream0_IRQHandler
                0x08000db4                CAN1_TX_IRQHandler
                0x08000db4                SVC_Handler
                0x08000db4                EXTI4_IRQHandler
                0x08000db4                FSMC_IRQHandler
                0x08000db4                ETH_IRQHandler
                0x08000db4                OTG_HS_EP1_OUT_IRQHandler
                0x08000db4                WWDG_IRQHandler
                0x08000db4                TIM2_IRQHandler
                0x08000db4                OTG_FS_WKUP_IRQHandler
                0x08000db4                TIM1_TRG_COM_TIM11_IRQHandler
                0x08000db4                OTG_HS_IRQHandler
                0x08000db4                EXTI1_IRQHandler
                0x08000db4                USART2_IRQHandler
                0x08000db4                I2C2_ER_IRQHandler
                0x08000db4                DMA2_Stream1_IRQHandler
                0x08000db4                CAN1_SCE_IRQHandler
                0x08000db4                DMA2_Stream4_IRQHandler
                0x08000db4                BusFault_Handler
                0x08000db4                USART1_IRQHandler
                0x08000db4                OTG_FS_IRQHandler
                0x08000db4                SPI3_IRQHandler
                0x08000db4                DMA1_Stream4_IRQHandler
                0x08000db4                I2C1_ER_IRQHandler
                0x08000db4                DMA2_Stream6_IRQHandler
                0x08000db4                DMA1_Stream3_IRQHandler
 *fill*         0x08000db6        0x2 
 .text.__libc_init_array
                0x08000db8       0x48 C:/STM32CubeIDE_1.19.0/STM32CubeIDE/plugins/com.st.stm32cube.ide.mcu.externaltools.gnu-tools-for-stm32.13.3.rel1.win32_1.0.0.202411081344/tools/bin/../lib/gcc/arm-none-eabi/13.3.1/../../../../arm-none-eabi/lib/thumb/v7e-m/nofp\libc_nano.a(libc_a-init.o)
                0x08000db8                __libc_init_array
 *(.glue_7)
 .glue_7        0x08000e00        0x0 linker stubs
 *(.glue_7t)
 .glue_7t       0x08000e00        0x0 linker stubs
 *(.eh_frame)
 .eh_frame      0x08000e00        0x0 C:/STM32CubeIDE_1.19.0/STM32CubeIDE/plugins/com.st.stm32cube.ide.mcu.externaltools.gnu-tools-for-stm32.13.3.rel1.win32_1.0.0.202411081344/tools/bin/../lib/gcc/arm-none-eabi/13.3.1/thumb/v7e-m/nofp/crtbegin.o
 *(.init)
 .init          0x08000e00        0x4 C:/STM32CubeIDE_1.19.0/STM32CubeIDE/plugins/com.st.stm32cube.ide.mcu.externaltools.gnu-tools-for-stm32.13.3.rel1.win32_1.0.0.202411081344/tools/bin/../lib/gcc/arm-none-eabi/13.3.1/thumb/v7e-m/nofp/crti.o
                0x08000e00                _init
 .init          0x08000e04        0x8 C:/STM32CubeIDE_1.19.0/STM32CubeIDE/plugins/com.st.stm32cube.ide.mcu.externaltools.gnu-tools-for-stm32.13.3.rel1.win32_1.0.0.202411081344/tools/bin/../lib/gcc/arm-none-eabi/13.3.1/thumb/v7e-m/nofp/crtn.o
 *(.fini)
 .fini          0x08000e0c        0x4 C:/STM32CubeIDE_1.19.0/STM32CubeIDE/plugins/com.st.stm32cube.ide.mcu.externaltools.gnu-tools-for-stm32.13.3.rel1.win32_1.0.0.202411081344/tools/bin/../lib/gcc/arm-none-eabi/13.3.1/thumb/v7e-m/nofp/crti.o
                0x08000e0c                _fini
 .fini          0x08000e10        0x8 C:/STM32CubeIDE_1.19.0/STM32CubeIDE/plugins/com.st.stm32cube.ide.mcu.externaltools.gnu-tools-for-stm32.13.3.rel1.win32_1.0.0.202411081344/tools/bin/../lib/gcc/arm-none-eabi/13.3.1/thumb/v7e-m/nofp/crtn.o
                0x08000e18                        . = ALIGN (0x4)
                0x08000e18                        _etext = .

.vfp11_veneer   0x08000e18        0x0
 .vfp11_veneer  0x08000e18        0x0 linker stubs

.v4_bx          0x08000e18        0x0
 .v4_bx         0x08000e18        0x0 linker stubs

.iplt           0x08000e18        0x0
 .iplt          0x08000e18        0x0 C:/STM32CubeIDE_1.19.0/STM32CubeIDE/plugins/com.st.stm32cube.ide.mcu.externaltools.gnu-tools-for-stm32.13.3.rel1.win32_1.0.0.202411081344/tools/bin/../lib/gcc/arm-none-eabi/13.3.1/thumb/v7e-m/nofp/crtbegin.o

.rodata         0x08000e18        0x0
                0x08000e18                        . = ALIGN (0x4)
 *(.rodata)
 *(.rodata*)
                0x08000e18                        . = ALIGN (0x4)

.ARM.extab      0x08000e18        0x0
                0x08000e18                        . = ALIGN (0x4)
 *(.ARM.extab* .gnu.linkonce.armextab.*)
                0x08000e18                        . = ALIGN (0x4)

.ARM            0x08000e18        0x8
                0x08000e18                        . = ALIGN (0x4)
                0x08000e18                        __exidx_start = .
 *(.ARM.exidx*)
 .ARM.exidx     0x08000e18        0x8 C:/STM32CubeIDE_1.19.0/STM32CubeIDE/plugins/com.st.stm32cube.ide.mcu.externaltools.gnu-tools-for-stm32.13.3.rel1.win32_1.0.0.202411081344/tools/bin/../lib/gcc/arm-none-eabi/13.3.1/../../../../arm-none-eabi/lib/thumb/v7e-m/nofp\libc_nano.a(libc_a-strlen.o)
                0x08000e20                        __exidx_end = .
                0x08000e20                        . = ALIGN (0x4)

.preinit_array  0x08000e20        0x0
                0x08000e20                        . = ALIGN (0x4)
                0x08000e20                        PROVIDE (__preinit_array_start = .)
 *(.preinit_array*)
                0x08000e20                        PROVIDE (__preinit_array_end = .)
                0x08000e20                        . = ALIGN (0x4)

.init_array     0x08000e20        0x4
                0x08000e20                        . = ALIGN (0x4)
                0x08000e20                        PROVIDE (__init_array_start = .)
 *(SORT_BY_NAME(.init_array.*))
 *(.init_array*)
 .init_array    0x08000e20        0x4 C:/STM32CubeIDE_1.19.0/STM32CubeIDE/plugins/com.st.stm32cube.ide.mcu.externaltools.gnu-tools-for-stm32.13.3.rel1.win32_1.0.0.202411081344/tools/bin/../lib/gcc/arm-none-eabi/13.3.1/thumb/v7e-m/nofp/crtbegin.o
                0x08000e24                        PROVIDE (__init_array_end = .)
                0x08000e24                        . = ALIGN (0x4)

.fini_array     0x08000e24        0x4
                0x08000e24                        . = ALIGN (0x4)
                [!provide]                        PROVIDE (__fini_array_start = .)
 *(SORT_BY_NAME(.fini_array.*))
 *(.fini_array*)
 .fini_array    0x08000e24        0x4 C:/STM32CubeIDE_1.19.0/STM32CubeIDE/plugins/com.st.stm32cube.ide.mcu.externaltools.gnu-tools-for-stm32.13.3.rel1.win32_1.0.0.202411081344/tools/bin/../lib/gcc/arm-none-eabi/13.3.1/thumb/v7e-m/nofp/crtbegin.o
                [!provide]                        PROVIDE (__fini_array_end = .)
                0x08000e28                        . = ALIGN (0x4)
                0x08000e28                        _sidata = LOADADDR (.data)

.rel.dyn        0x08000e28        0x0
 .rel.iplt      0x08000e28        0x0 C:/STM32CubeIDE_1.19.0/STM32CubeIDE/plugins/com.st.stm32cube.ide.mcu.externaltools.gnu-tools-for-stm32.13.3.rel1.win32_1.0.0.202411081344/tools/bin/../lib/gcc/arm-none-eabi/13.3.1/thumb/v7e-m/nofp/crtbegin.o

.data           0x20000000       0x34 load address 0x08000e28
                0x20000000                        . = ALIGN (0x4)
                0x20000000                        _sdata = .
 *(.data)
 *(.data*)
 .data.AHB_PreScaler
                0x20000000       0x10 ./Drivers/Src/stm32f407xx_rcc_driver.o
                0x20000000                AHB_PreScaler
 .data.APB1_PreScaler
                0x20000010        0x4 ./Drivers/Src/stm32f407xx_rcc_driver.o
                0x20000010                APB1_PreScaler
 .data.some_data
                0x20000014       0x1e ./Src/007_I2C_Master_Tx.o
                0x20000014                some_data
 *(.RamFunc)
 *(.RamFunc*)
                0x20000034                        . = ALIGN (0x4)
 *fill*         0x20000032        0x2 
                0x20000034                        _edata = .
                0x08000e5c                        _siccmram = LOADADDR (.ccmram)

.igot.plt       0x20000034        0x0 load address 0x08000e5c
 .igot.plt      0x20000034        0x0 C:/STM32CubeIDE_1.19.0/STM32CubeIDE/plugins/com.st.stm32cube.ide.mcu.externaltools.gnu-tools-for-stm32.13.3.rel1.win32_1.0.0.202411081344/tools/bin/../lib/gcc/arm-none-eabi/13.3.1/thumb/v7e-m/nofp/crtbegin.o

.ccmram         0x10000000        0x0 load address 0x08000e5c
                0x10000000                        . = ALIGN (0x4)
                0x10000000                        _sccmram = .
 *(.ccmram)
 *(.ccmram*)
                0x10000000                        . = ALIGN (0x4)
                0x10000000                        _eccmram = .
                0x10000000                        . = ALIGN (0x4)

.bss            0x20000034       0x44
                0x20000034                        _sbss = .
                0x20000034                        __bss_start__ = _sbss
 *(.bss)
 .bss           0x20000034       0x1c C:/STM32CubeIDE_1.19.0/STM32CubeIDE/plugins/com.st.stm32cube.ide.mcu.externaltools.gnu-tools-for-stm32.13.3.rel1.win32_1.0.0.202411081344/tools/bin/../lib/gcc/arm-none-eabi/13.3.1/thumb/v7e-m/nofp/crtbegin.o
 *(.bss*)
 .bss.I2C1Handle
                0x20000050       0x28 ./Src/007_I2C_Master_Tx.o
                0x20000050                I2C1Handle
 *(COMMON)
                0x20000078                        . = ALIGN (0x4)
                0x20000078                        _ebss = .
                0x20000078                        __bss_end__ = _ebss

._user_heap_stack
                0x20000078      0x600
                0x20000078                        . = ALIGN (0x8)
                [!provide]                        PROVIDE (end = .)
                0x20000078                        PROVIDE (_end = .)
                0x20000278                        . = (. + _Min_Heap_Size)
 *fill*         0x20000078      0x200 
                0x20000678                        . = (. + _Min_Stack_Size)
 *fill*         0x20000278      0x400 
                0x20000678                        . = ALIGN (0x8)

/DISCARD/
 libc.a(*)
 libm.a(*)
 libgcc.a(*)

.ARM.attributes
                0x00000000       0x2a
 *(.ARM.attributes)
 .ARM.attributes
                0x00000000       0x1e C:/STM32CubeIDE_1.19.0/STM32CubeIDE/plugins/com.st.stm32cube.ide.mcu.externaltools.gnu-tools-for-stm32.13.3.rel1.win32_1.0.0.202411081344/tools/bin/../lib/gcc/arm-none-eabi/13.3.1/thumb/v7e-m/nofp/crti.o
 .ARM.attributes
                0x0000001e       0x2e C:/STM32CubeIDE_1.19.0/STM32CubeIDE/plugins/com.st.stm32cube.ide.mcu.externaltools.gnu-tools-for-stm32.13.3.rel1.win32_1.0.0.202411081344/tools/bin/../lib/gcc/arm-none-eabi/13.3.1/thumb/v7e-m/nofp/crtbegin.o
 .ARM.attributes
                0x0000004c       0x2e ./Drivers/Src/stm32f407xx_gpio_driver.o
 .ARM.attributes
                0x0000007a       0x2e ./Drivers/Src/stm32f407xx_i2c_driver.o
 .ARM.attributes
                0x000000a8       0x2e ./Drivers/Src/stm32f407xx_rcc_driver.o
 .ARM.attributes
                0x000000d6       0x2e ./Src/007_I2C_Master_Tx.o
 .ARM.attributes
                0x00000104       0x21 ./Startup/startup_stm32f407vgtx.o
 .ARM.attributes
                0x00000125       0x2e C:/STM32CubeIDE_1.19.0/STM32CubeIDE/plugins/com.st.stm32cube.ide.mcu.externaltools.gnu-tools-for-stm32.13.3.rel1.win32_1.0.0.202411081344/tools/bin/../lib/gcc/arm-none-eabi/13.3.1/../../../../arm-none-eabi/lib/thumb/v7e-m/nofp\libc_nano.a(libc_a-init.o)
 .ARM.attributes
                0x00000153       0x17 C:/STM32CubeIDE_1.19.0/STM32CubeIDE/plugins/com.st.stm32cube.ide.mcu.externaltools.gnu-tools-for-stm32.13.3.rel1.win32_1.0.0.202411081344/tools/bin/../lib/gcc/arm-none-eabi/13.3.1/../../../../arm-none-eabi/lib/thumb/v7e-m/nofp\libc_nano.a(libc_a-strlen.o)
 .ARM.attributes
                0x0000016a       0x1e C:/STM32CubeIDE_1.19.0/STM32CubeIDE/plugins/com.st.stm32cube.ide.mcu.externaltools.gnu-tools-for-stm32.13.3.rel1.win32_1.0.0.202411081344/tools/bin/../lib/gcc/arm-none-eabi/13.3.1/thumb/v7e-m/nofp/crtn.o
OUTPUT(stm32f4xx_drivers.elf elf32-littlearm)
LOAD linker stubs
LOAD C:/STM32CubeIDE_1.19.0/STM32CubeIDE/plugins/com.st.stm32cube.ide.mcu.externaltools.gnu-tools-for-stm32.13.3.rel1.win32_1.0.0.202411081344/tools/bin/../lib/gcc/arm-none-eabi/13.3.1/../../../../arm-none-eabi/lib/thumb/v7e-m/nofp\libc.a
LOAD C:/STM32CubeIDE_1.19.0/STM32CubeIDE/plugins/com.st.stm32cube.ide.mcu.externaltools.gnu-tools-for-stm32.13.3.rel1.win32_1.0.0.202411081344/tools/bin/../lib/gcc/arm-none-eabi/13.3.1/../../../../arm-none-eabi/lib/thumb/v7e-m/nofp\libm.a
LOAD C:/STM32CubeIDE_1.19.0/STM32CubeIDE/plugins/com.st.stm32cube.ide.mcu.externaltools.gnu-tools-for-stm32.13.3.rel1.win32_1.0.0.202411081344/tools/bin/../lib/gcc/arm-none-eabi/13.3.1/thumb/v7e-m/nofp\libgcc.a

.debug_info     0x00000000     0x1a5b
 .debug_info    0x00000000      0x726 ./Drivers/Src/stm32f407xx_gpio_driver.o
 .debug_info    0x00000726      0xa8e ./Drivers/Src/stm32f407xx_i2c_driver.o
 .debug_info    0x000011b4      0x382 ./Drivers/Src/stm32f407xx_rcc_driver.o
 .debug_info    0x00001536      0x4f5 ./Src/007_I2C_Master_Tx.o
 .debug_info    0x00001a2b       0x30 ./Startup/startup_stm32f407vgtx.o

.debug_abbrev   0x00000000      0x6e4
 .debug_abbrev  0x00000000      0x1bb ./Drivers/Src/stm32f407xx_gpio_driver.o
 .debug_abbrev  0x000001bb      0x27e ./Drivers/Src/stm32f407xx_i2c_driver.o
 .debug_abbrev  0x00000439      0x110 ./Drivers/Src/stm32f407xx_rcc_driver.o
 .debug_abbrev  0x00000549      0x177 ./Src/007_I2C_Master_Tx.o
 .debug_abbrev  0x000006c0       0x24 ./Startup/startup_stm32f407vgtx.o

.debug_aranges  0x00000000      0x200
 .debug_aranges
                0x00000000       0x70 ./Drivers/Src/stm32f407xx_gpio_driver.o
 .debug_aranges
                0x00000070       0xf8 ./Drivers/Src/stm32f407xx_i2c_driver.o
 .debug_aranges
                0x00000168       0x30 ./Drivers/Src/stm32f407xx_rcc_driver.o
 .debug_aranges
                0x00000198       0x40 ./Src/007_I2C_Master_Tx.o
 .debug_aranges
                0x000001d8       0x28 ./Startup/startup_stm32f407vgtx.o

.debug_rnglists
                0x00000000      0x178
 .debug_rnglists
                0x00000000       0x53 ./Drivers/Src/stm32f407xx_gpio_driver.o
 .debug_rnglists
                0x00000053       0xc0 ./Drivers/Src/stm32f407xx_i2c_driver.o
 .debug_rnglists
                0x00000113       0x21 ./Drivers/Src/stm32f407xx_rcc_driver.o
 .debug_rnglists
                0x00000134       0x2b ./Src/007_I2C_Master_Tx.o
 .debug_rnglists
                0x0000015f       0x19 ./Startup/startup_stm32f407vgtx.o

.debug_macro    0x00000000     0x2dfb
 .debug_macro   0x00000000       0xc2 ./Drivers/Src/stm32f407xx_gpio_driver.o
 .debug_macro   0x000000c2      0xad8 ./Drivers/Src/stm32f407xx_gpio_driver.o
 .debug_macro   0x00000b9a       0x22 ./Drivers/Src/stm32f407xx_gpio_driver.o
 .debug_macro   0x00000bbc       0x8e ./Drivers/Src/stm32f407xx_gpio_driver.o
 .debug_macro   0x00000c4a       0x51 ./Drivers/Src/stm32f407xx_gpio_driver.o
 .debug_macro   0x00000c9b      0x103 ./Drivers/Src/stm32f407xx_gpio_driver.o
 .debug_macro   0x00000d9e       0x6a ./Drivers/Src/stm32f407xx_gpio_driver.o
 .debug_macro   0x00000e08      0x1df ./Drivers/Src/stm32f407xx_gpio_driver.o
 .debug_macro   0x00000fe7      0x190 ./Drivers/Src/stm32f407xx_gpio_driver.o
 .debug_macro   0x00001177      0x80b ./Drivers/Src/stm32f407xx_gpio_driver.o
 .debug_macro   0x00001982       0xc4 ./Drivers/Src/stm32f407xx_gpio_driver.o
 .debug_macro   0x00001a46       0xd6 ./Drivers/Src/stm32f407xx_gpio_driver.o
 .debug_macro   0x00001b1c      0x10d ./Drivers/Src/stm32f407xx_gpio_driver.o
 .debug_macro   0x00001c29       0xc4 ./Drivers/Src/stm32f407xx_gpio_driver.o
 .debug_macro   0x00001ced       0xc2 ./Drivers/Src/stm32f407xx_i2c_driver.o
 .debug_macro   0x00001daf       0xca ./Drivers/Src/stm32f407xx_i2c_driver.o
 .debug_macro   0x00001e79       0xd0 ./Drivers/Src/stm32f407xx_i2c_driver.o
 .debug_macro   0x00001f49       0xbc ./Drivers/Src/stm32f407xx_rcc_driver.o
 .debug_macro   0x00002005      0x1c0 ./Src/007_I2C_Master_Tx.o
 .debug_macro   0x000021c5       0x5b ./Src/007_I2C_Master_Tx.o
 .debug_macro   0x00002220       0x24 ./Src/007_I2C_Master_Tx.o
 .debug_macro   0x00002244       0x94 ./Src/007_I2C_Master_Tx.o
 .debug_macro   0x000022d8       0x43 ./Src/007_I2C_Master_Tx.o
 .debug_macro   0x0000231b       0x34 ./Src/007_I2C_Master_Tx.o
 .debug_macro   0x0000234f       0x16 ./Src/007_I2C_Master_Tx.o
 .debug_macro   0x00002365       0x57 ./Src/007_I2C_Master_Tx.o
 .debug_macro   0x000023bc       0x9e ./Src/007_I2C_Master_Tx.o
 .debug_macro   0x0000245a      0x370 ./Src/007_I2C_Master_Tx.o
 .debug_macro   0x000027ca      0x112 ./Src/007_I2C_Master_Tx.o
 .debug_macro   0x000028dc       0x10 ./Src/007_I2C_Master_Tx.o
 .debug_macro   0x000028ec       0x16 ./Src/007_I2C_Master_Tx.o
 .debug_macro   0x00002902       0x4a ./Src/007_I2C_Master_Tx.o
 .debug_macro   0x0000294c       0x34 ./Src/007_I2C_Master_Tx.o
 .debug_macro   0x00002980       0x10 ./Src/007_I2C_Master_Tx.o
 .debug_macro   0x00002990       0x58 ./Src/007_I2C_Master_Tx.o
 .debug_macro   0x000029e8       0x8e ./Src/007_I2C_Master_Tx.o
 .debug_macro   0x00002a76       0x1c ./Src/007_I2C_Master_Tx.o
 .debug_macro   0x00002a92      0x185 ./Src/007_I2C_Master_Tx.o
 .debug_macro   0x00002c17       0x16 ./Src/007_I2C_Master_Tx.o
 .debug_macro   0x00002c2d       0x16 ./Src/007_I2C_Master_Tx.o
 .debug_macro   0x00002c43      0x146 ./Src/007_I2C_Master_Tx.o
 .debug_macro   0x00002d89       0x16 ./Src/007_I2C_Master_Tx.o
 .debug_macro   0x00002d9f       0x3c ./Src/007_I2C_Master_Tx.o
 .debug_macro   0x00002ddb       0x20 ./Src/007_I2C_Master_Tx.o

.debug_line     0x00000000     0x266c
 .debug_line    0x00000000      0xa86 ./Drivers/Src/stm32f407xx_gpio_driver.o
 .debug_line    0x00000a86      0xe72 ./Drivers/Src/stm32f407xx_i2c_driver.o
 .debug_line    0x000018f8      0x5cb ./Drivers/Src/stm32f407xx_rcc_driver.o
 .debug_line    0x00001ec3      0x72e ./Src/007_I2C_Master_Tx.o
 .debug_line    0x000025f1       0x7b ./Startup/startup_stm32f407vgtx.o

.debug_str      0x00000000     0xb246
 .debug_str     0x00000000     0xb246 ./Drivers/Src/stm32f407xx_gpio_driver.o
                               0x76eb (size before relaxing)
 .debug_str     0x0000b246     0x7893 ./Drivers/Src/stm32f407xx_i2c_driver.o
 .debug_str     0x0000b246     0x7531 ./Drivers/Src/stm32f407xx_rcc_driver.o
 .debug_str     0x0000b246     0xae05 ./Src/007_I2C_Master_Tx.o
 .debug_str     0x0000b246       0x70 ./Startup/startup_stm32f407vgtx.o

.comment        0x00000000       0x43
 .comment       0x00000000       0x43 ./Drivers/Src/stm32f407xx_gpio_driver.o
                                 0x44 (size before relaxing)
 .comment       0x00000043       0x44 ./Drivers/Src/stm32f407xx_i2c_driver.o
 .comment       0x00000043       0x44 ./Drivers/Src/stm32f407xx_rcc_driver.o
 .comment       0x00000043       0x44 ./Src/007_I2C_Master_Tx.o

.debug_frame    0x00000000      0x774
 .debug_frame   0x00000000      0x1c8 ./Drivers/Src/stm32f407xx_gpio_driver.o
 .debug_frame   0x000001c8      0x448 ./Drivers/Src/stm32f407xx_i2c_driver.o
 .debug_frame   0x00000610       0x7c ./Drivers/Src/stm32f407xx_rcc_driver.o
 .debug_frame   0x0000068c       0xbc ./Src/007_I2C_Master_Tx.o
 .debug_frame   0x00000748       0x2c C:/STM32CubeIDE_1.19.0/STM32CubeIDE/plugins/com.st.stm32cube.ide.mcu.externaltools.gnu-tools-for-stm32.13.3.rel1.win32_1.0.0.202411081344/tools/bin/../lib/gcc/arm-none-eabi/13.3.1/../../../../arm-none-eabi/lib/thumb/v7e-m/nofp\libc_nano.a(libc_a-init.o)

.debug_line_str
                0x00000000       0x54
 .debug_line_str
                0x00000000       0x54 ./Startup/startup_stm32f407vgtx.o
